 File  Edit  Apps  View  Help                                         NORMAL
░░░░░░░░░░░░░░░░░░░░░░░░░░░░░░░░░░░░░░░░░░░░░░░░░░░░░░░░░░░░░░░░░░░░░░░░░░░░░░░░
░░░░░░░░░░░░░░░░░░░░░░░░░░░░░░░░░░░░░░░░░░░░░░░░░░░░░░░░░░░░░░░░░░░░░░░░░░░░░░░░
░░░░░░░░░░░░░░░░░░░░░░░░░░░░░░░░░░░░░░░░░░░░░░░░░░░░░░░░░░░░░░░░░░░░░░░░░░░░░░░░
░░░░░░░░░░░░╭ Window 1 ───────────────────────────── ◧  ◨       ╮░░░░░░░░░░░░
░░░░░░░░░░░░│                                                      │░░░░░░░░░░░░
░░░░░░░░░░░░│                                                      │░░░░░░░░░░░░
░░░░░░░░░░░░│                                                      │░░░░░░░░░░░░
░░░░░░░░░░░░│                                                      │░░░░░░░░░░░░
░░░░░░░░░░░░│                                                      │░░░░░░░░░░░░
░░░░░░░░░░░░│                                                      │░░░░░░░░░░░░
░░░░░░░░░░░░│                                                      │░░░░░░░░░░░░
░░░░░░░░░░░░│                                                      │░░░░░░░░░░░░
░░░░░░░░░░░░│                                                      │░░░░░░░░░░░░
░░░░░░░░░░░░│                                                      │░░░░░░░░░░░░
░░░░░░░░░░░░│                                                      │░░░░░░░░░░░░
░░░░░░░░░░░░│                                                      │░░░░░░░░░░░░
░░░░░░░░░░░░│                                                      │░░░░░░░░░░░░
░░░░░░░░░░░░╰ i:terminal  n:new  w:close  space:launcher  tab:next ╯░░░░░░░░░░░░
░░░░░░░░░░░░░░░░░░░░░░░░░░░░░░░░░░░░░░░░░░░░░░░░░░░░░░░░░░░░░░░░░░░░░░░░░░░░░░░░
░░░░░░░░░░░░░░░░░░░░░░░░░░░░░░░░░░░░░░░░░░░░░░░░░░░░░░░░░░░░░░░░░░░░░░░░░░░░░░░░
░░░░░░░░░░░░░░░░░░░░░░░░░░░░░░░░░░░░░░░░░░░░░░░░░░░░░░░░░░░░░░░░░░░░░░░░░░░░░░░░
░░░░░░░░░░░░░░░░░░░░░░░░░░░░░░░░░░░░░░░░░░░░░░░░░░░░░░░░░░░░░░░░░░░░░░░░░░░░░░░░
   Launch │   Terminal │   Files │   Browser │   nvim │   System Monitor │
