 File  Edit  Apps  View  Help                                         NORMAL
░░░░░░░░░░░░░░░░░░░░░░░░░░░░░░░░░░░░░░░░░░░░░░░░░░░░░░░░░░░░░░░░░░░░░░░░░░░░░░░░
░░░░░░░░░░░░░░░░░░░░░░░░░░░░░░░░░░░░░░░░░░░░░░░░░░░░░░░░░░░░░░░░░░░░░░░░░░░░░░░░
░░░░░░░░░░░░░░░░░░░░░░░░░░░░░░░░░░░░░░░░░░░░░░░░░░░░░░░░░░░░░░░░░░░░░░░░░░░░░░░░
░░░░░░░░░░░░╭ Window 1 ───────────────────────────── ◧  ◨       ╮░░░░░░░░░░░░
░░░░░░░░░░░░│                                                      │░░░░░░░░░░░░
░░░░░░░░░░░░│ ╭──────────────────────────────────────────────────╮ │░░░░░░░░░░░░
░░░░░░░░░░░░│ │                                                  │ │░░░░░░░░░░░░
░░░░░░░░░░░░│ │                Clipboard History                 │ │░░░░░░░░░░░░
░░░░░░░░░░░░│ │   ────────────────────────────────────────────   │ │░░░░░░░░░░░░
░░░░░░░░░░░░│ │                                                  │ │░░░░░░░░░░░░
░░░░░░░░░░░░│ │   ▸ second line                                  │ │░░░░░░░░░░░░
░░░░░░░░░░░░│ │     first line                                   │ │░░░░░░░░░░░░
░░░░░░░░░░░░│ │                                                  │ │░░░░░░░░░░░░
░░░░░░░░░░░░│ │   ────────────────────────────────────────────   │ │░░░░░░░░░░░░
░░░░░░░░░░░░│ │  ↑↓ navigate │ Enter paste │ v view │ Esc close  │ │░░░░░░░░░░░░
░░░░░░░░░░░░│ │                                                  │ │░░░░░░░░░░░░
░░░░░░░░░░░░│ ╰──────────────────────────────────────────────────╯ │░░░░░░░░░░░░
░░░░░░░░░░░░╰ i:terminal  n:new  w:close  space:launcher  tab:next ╯░░░░░░░░░░░░
░░░░░░░░░░░░░░░░░░░░░░░░░░░░░░░░░░░░░░░░░░░░░░░░░░░░░░░░░░░░░░░░░░░░░░░░░░░░░░░░
░░░░░░░░░░░░░░░░░░░░░░░░░░░░░░░░░░░░░░░░░░░░░░░░░░░░░░░░░░░░░░░░░░░░░░░░░░░░░░░░
░░░░░░░░░░░░░░░░░░░░░░░░░░░░░░░░░░░░░░░░░░░░░░░░░░░░░░░░░░░░░░░░░░░░░░░░░░░░░░░░
░░░░░░░░░░░░░░░░░░░░░░░░░░░░░░░░░░░░░░░░░░░░░░░░░░░░░░░░░░░░░░░░░░░░░░░░░░░░░░░░
   Launch │   Terminal │   Files │   Browser │   nvim │   System Monitor │
