 File  Edit  Apps  View  Help                                         NORMAL
░░░░░░░░░░░╭────────────────────────────────────────────────────────╮░░░░░░░░░░░
░░░░░░░░░░░│                                                        │░░░░░░░░░░░
░░░░░░░░░░░│                        Launcher                        │░░░░░░░░░░░
░░░░░░░░░░░│  ────────────────────────────────────────────────────  │░░░░░░░░░░░
░░░░░░░░░░░│   term█                                                │░░░░░░░░░░░
░░░░░░░░░░░│  ────────────────────────────────────────────────────  │░░░░░░░░░░░
░░░░░░░░░░░│                                                        │░░░░░░░░░░░
░░░░░░░░░░░│  ▸  termdesk-solitaire                                │░░░░░░░░░░░
░░░░░░░░░░░│     termdesk-tetris                                   │░░░░░░░░░░░
░░░░░░░░░░░│     termdesk-blockdrop                                │░░░░░░░░░░░
░░░░░░░░░░░│     Terminal                                          │░░░░░░░░░░░
░░░░░░░░░░░│     termdesk-snake                                    │░░░░░░░░░░░
░░░░░░░░░░░│     termdesk-HEAD                                     │░░░░░░░░░░░
░░░░░░░░░░░│     termdesk-e275                                     │░░░░░░░░░░░
░░░░░░░░░░░│     termdesk-calc                                     │░░░░░░░░░░░
░░░░░░░░░░░│  ────────────────────────────────────────────────────  │░░░░░░░░░░░
░░░░░░░░░░░│  Suggestions: termdesk, termdesk-0f6a, termdesk-5593…  │░░░░░░░░░░░
░░░░░░░░░░░│                                                        │░░░░░░░░░░░
░░░░░░░░░░░│  ────────────────────────────────────────────────────  │░░░░░░░░░░░
░░░░░░░░░░░│ Tab complete │ ↑↓ navigate │ Ctrl+P pin │ Enter launch │░░░░░░░░░░░
░░░░░░░░░░░│                                                        │░░░░░░░░░░░
░░░░░░░░░░░╰────────────────────────────────────────────────────────╯░░░░░░░░░░░
   Launch │   Terminal │   Files │   Browser │   nvim │   System Monitor │
