 File  Edit  Apps  View  Help                                         NORMAL
░░░░░░░░░░░╭────────────────────────────────────────────────────────╮░░░░░░░░░░░
░░░░░░░░░░░│                                                        │░░░░░░░░░░░
░░░░░░░░░░░│                        Launcher                        │░░░░░░░░░░░
░░░░░░░░░░░│  ────────────────────────────────────────────────────  │░░░░░░░░░░░
░░░░░░░░░░░│   term█                                                │░░░░░░░░░░░
░░░░░░░░░░░│  ────────────────────────────────────────────────────  │░░░░░░░░░░░
░░░░░░░░░░░│                                                        │░░░░░░░░░░░
░░░░░░░░░░░│  ▸  Terminal                                          │░░░░░░░░░░░
░░░░░░░░░░░│     termdesk                                          │░░░░░░░░░░░
░░░░░░░░░░░│     termdesk-calc                                     │░░░░░░░░░░░
░░░░░░░░░░░│     termdesk-minesweeper                              │░░░░░░░░░░░
░░░░░░░░░░░│     termdesk-snake                                    │░░░░░░░░░░░
░░░░░░░░░░░│     termdesk-solitaire                                │░░░░░░░░░░░
░░░░░░░░░░░│     termdesk-tetris                                   │░░░░░░░░░░░
░░░░░░░░░░░│     koi8rxterm                                        │░░░░░░░░░░░
░░░░░░░░░░░│  ────────────────────────────────────────────────────  │░░░░░░░░░░░
░░░░░░░░░░░│  Suggestions: termdesk, termdesk-calc, termdesk-mine…  │░░░░░░░░░░░
░░░░░░░░░░░│                                                        │░░░░░░░░░░░
░░░░░░░░░░░│  ────────────────────────────────────────────────────  │░░░░░░░░░░░
░░░░░░░░░░░│ Tab complete │ ↑↓ navigate │ Ctrl+P pin │ Enter launch │░░░░░░░░░░░
░░░░░░░░░░░│                                                        │░░░░░░░░░░░
░░░░░░░░░░░╰────────────────────────────────────────────────────────╯░░░░░░░░░░░
   Launch │   Terminal │   Files │   Browser │   nvim │   System Monitor │
