 File  Edit  Apps  View  Help                                         NORMAL
░╭─────────────────────────────────────╮░░░░░░░░░░░░░░░░░░░░░░░░░░░░░░░░░░░░░░░░
░│   New Terminal                   n │░░░░░░░░░░░░░░░░░░░░░░░░░░░░░░░░░░░░░░░░
░│─────────────────────────────────────│░░░░░░░░░░░░░░░░░░░░░░░░░░░░░░░░░░░░░░░░
░│   New Workspace...    ctrl+shift+n │──────────── ◧  ◨       ╮░░░░░░░░░░░░
░│   Save Workspace            ctrl+s │                           │░░░░░░░░░░░░
░│   Load Workspace...         ctrl+o │                           │░░░░░░░░░░░░
░│─────────────────────────────────────│                           │░░░░░░░░░░░░
░│   Detach                     Pfx+d │                           │░░░░░░░░░░░░
░│   Quit                      Ctrl+Q │                           │░░░░░░░░░░░░
░╰─────────────────────────────────────╯                           │░░░░░░░░░░░░
░░░░░░░░░░░░│                                                      │░░░░░░░░░░░░
░░░░░░░░░░░░│                                                      │░░░░░░░░░░░░
░░░░░░░░░░░░│                                                      │░░░░░░░░░░░░
░░░░░░░░░░░░│                                                      │░░░░░░░░░░░░
░░░░░░░░░░░░│                                                      │░░░░░░░░░░░░
░░░░░░░░░░░░│                                                      │░░░░░░░░░░░░
░░░░░░░░░░░░│                                                      │░░░░░░░░░░░░
░░░░░░░░░░░░╰ i:terminal  n:new  w:close  space:launcher  tab:next ╯░░░░░░░░░░░░
░░░░░░░░░░░░░░░░░░░░░░░░░░░░░░░░░░░░░░░░░░░░░░░░░░░░░░░░░░░░░░░░░░░░░░░░░░░░░░░░
░░░░░░░░░░░░░░░░░░░░░░░░░░░░░░░░░░░░░░░░░░░░░░░░░░░░░░░░░░░░░░░░░░░░░░░░░░░░░░░░
░░░░░░░░░░░░░░░░░░░░░░░░░░░░░░░░░░░░░░░░░░░░░░░░░░░░░░░░░░░░░░░░░░░░░░░░░░░░░░░░
░░░░░░░░░░░░░░░░░░░░░░░░░░░░░░░░░░░░░░░░░░░░░░░░░░░░░░░░░░░░░░░░░░░░░░░░░░░░░░░░
   Launch │   Terminal │   Files │   Browser │   nvim │   System Monitor │
