 File  Edit  Apps  View  Help                                         NORMAL
░░░░░░░░░░░░░░░░░░░░░░░░░░░░░░░░░░░░░░░░░░░░░░░░░░░░░░░░░░░░░░░░░░░░░░░░░░░░░░░░
░░░░░░░░░░░░░░░░░░░░░░░░░░░░░░░░░░░░░░░░░░░░░░░░░░░░░░░░░░░░░░░░░░░░░░░░░░░░░░░░
░░░░░░░░░░░░░░░░░░░░░░░░░░░░░░░░░░░░░░░░░░░░░░░░░░░░░░░░░░░░░░░░░░░░░░░░░░░░░░░░
░░░░░░░░░░░░░░╭──────────────────────────────────────────────────╮░░░░░░░░░░░░░░
░░░░░░░░░░░░░░│                  New Workspace                   │░░░░░░░░░░░░░░
░░░░░░░░░░░░░░│──────────────────────────────────────────────────│░░░░░░░░░░░░░░
░░░░░░░░░░░░░░│  Name:                                           │░░░░░░░░░░░░░░
░░░░░░░░░░░░░░│  Demo                                            │░░░░░░░░░░░░░░
░░░░░░░░░░░░░░│──────────────────────────────────────────────────│░░░░░░░░░░░░░░
░░░░░░░░░░░░░░│  Directory:                                      │░░░░░░░░░░░░░░
░░░░░░░░░░░░░░│   /tmp/demo                                      │░░░░░░░░░░░░░░
░░░░░░░░░░░░░░│    ..                                           │░░░░░░░░░░░░░░
░░░░░░░░░░░░░░│    docs                                         │░░░░░░░░░░░░░░
░░░░░░░░░░░░░░│    src                                          │░░░░░░░░░░░░░░
░░░░░░░░░░░░░░│    tests                                        │░░░░░░░░░░░░░░
░░░░░░░░░░░░░░│                                                  │░░░░░░░░░░░░░░
░░░░░░░░░░░░░░│──────────────────────────────────────────────────│░░░░░░░░░░░░░░
░░░░░░░░░░░░░░│                Create       Cancel             │░░░░░░░░░░░░░░
░░░░░░░░░░░░░░╰──────────────────────────────────────────────────╯░░░░░░░░░░░░░░
░░░░░░░░░░░░░░░░░░░░░░░░░░░░░░░░░░░░░░░░░░░░░░░░░░░░░░░░░░░░░░░░░░░░░░░░░░░░░░░░
░░░░░░░░░░░░░░░░░░░░░░░░░░░░░░░░░░░░░░░░░░░░░░░░░░░░░░░░░░░░░░░░░░░░░░░░░░░░░░░░
░░░░░░░░░░░░░░░░░░░░░░░░░░░░░░░░░░░░░░░░░░░░░░░░░░░░░░░░░░░░░░░░░░░░░░░░░░░░░░░░
   Launch │   Terminal │   Files │   Browser │   nvim │   System Monitor │
