 File  Edit  Apps  View  Help                                         NORMAL
░░░░░░░░░░░░░░░░░░░░░░░░░░░░░░░░░░░░░░░░░░░░░░░░░░░░░░░░░░░░░░░░░░░░░░░░░░░░░░░░
░░░░░░░░░░░░░░░░░░░░░░░░░░░░░╭────────────────────────────────────────────────╮░
░░░░░░░░░░░░░░░░░░░░░░░░░░░░░│ℹ Build                                         │░
░░░░░░░░░░░░╭ Window 1 ──────│  success                                       │░
░░░░░░░░░░░░│                ╰────────────────────────────────────────────────╯░
░░░░░░░░░░░░│                   ╭─────────────────────────────────────────────╮░
░░░░░░░░░░░░│                ╭────────────────────────────────────────────────╮░
░░░░░░░░░░░░│                │⚠ Warnings                                      │░
░░░░░░░░░░░░│                │  2 issues                                      │░
░░░░░░░░░░░░│                ╰────────────────────────────────────────────────╯░
░░░░░░░░░░░░│                   │    ⚠ Warnings: 2 issues                     │░
░░░░░░░░░░░░│                   │    ℹ Build: success                         │░
░░░░░░░░░░░░│                   │                                             │░
░░░░░░░░░░░░│                   │  ─────────────────────────────────────────  │░
░░░░░░░░░░░░│                   │    ↑↓ nav │ d del │ D clear │ Esc close     │░
░░░░░░░░░░░░│                   │                                             │░
░░░░░░░░░░░░│                   ╰─────────────────────────────────────────────╯░
░░░░░░░░░░░░╰ i:terminal  n:new  w:close  space:launcher  tab:next ╯░░░░░░░░░░░░
░░░░░░░░░░░░░░░░░░░░░░░░░░░░░░░░░░░░░░░░░░░░░░░░░░░░░░░░░░░░░░░░░░░░░░░░░░░░░░░░
░░░░░░░░░░░░░░░░░░░░░░░░░░░░░░░░░░░░░░░░░░░░░░░░░░░░░░░░░░░░░░░░░░░░░░░░░░░░░░░░
░░░░░░░░░░░░░░░░░░░░░░░░░░░░░░░░░░░░░░░░░░░░░░░░░░░░░░░░░░░░░░░░░░░░░░░░░░░░░░░░
░░░░░░░░░░░░░░░░░░░░░░░░░░░░░░░░░░░░░░░░░░░░░░░░░░░░░░░░░░░░░░░░░░░░░░░░░░░░░░░░
   Launch │   Terminal │   Files │   Browser │   nvim │   System Monitor │
