 File  Edit  Apps  View  Help                                         NORMAL
░░░░░░░░░░░░░░░░░░░░░░░░░░░░░░░░░░░░░░░░░░░░░░░░░░░░░░░░░░░░░░░░░░░░░░░░░░░░░░░░
░░░░░░░░░░░░░░░░░░░░░░░░░░░░░╭────────────────────────────────────────────────╮░
░░░░░░░░░░░░░░░░░░░░░░░░░░░░░│ℹ Saved                                         │░
░░░░░░░░░░░░╭ Window 1 ──────│  workspace stored                              │░
░░░░░░░░░░░░│                ╰────────────────────────────────────────────────╯░
░░░░░░░░░░░░│                                                      │░░░░░░░░░░░░
░░░░░░░░░░░░│                                                      │░░░░░░░░░░░░
░░░░░░░░░░░░│                                                      │░░░░░░░░░░░░
░░░░░░░░░░░░│                                                      │░░░░░░░░░░░░
░░░░░░░░░░░░│                                                      │░░░░░░░░░░░░
░░░░░░░░░░░░│                                                      │░░░░░░░░░░░░
░░░░░░░░░░░░│                                                      │░░░░░░░░░░░░
░░░░░░░░░░░░│                                                      │░░░░░░░░░░░░
░░░░░░░░░░░░│                                                      │░░░░░░░░░░░░
░░░░░░░░░░░░│                                                      │░░░░░░░░░░░░
░░░░░░░░░░░░│                                                      │░░░░░░░░░░░░
░░░░░░░░░░░░│                                                      │░░░░░░░░░░░░
░░░░░░░░░░░░╰ i:terminal  n:new  w:close  space:launcher  tab:next ╯░░░░░░░░░░░░
░░░░░░░░░░░░░░░░░░░░░░░░░░░░░░░░░░░░░░░░░░░░░░░░░░░░░░░░░░░░░░░░░░░░░░░░░░░░░░░░
░░░░░░░░░░░░░░░░░░░░░░░░░░░░░░░░░░░░░░░░░░░░░░░░░░░░░░░░░░░░░░░░░░░░░░░░░░░░░░░░
░░░░░░░░░░░░░░░░░░░░░░░░░░░░░░░░░░░░░░░░░░░░░░░░░░░░░░░░░░░░░░░░░░░░░░░░░░░░░░░░
░░░░░░░░░░░░░░░░░░░░░░░░░░░░░░░░░░░░░░░░░░░░░░░░░░░░░░░░░░░░░░░░░░░░░░░░░░░░░░░░
   Launch │   Terminal │   Files │   Browser │   nvim │   System Monitor │
